// Jest Snapshot v1, https://goo.gl/fbAQLP

exports[`Should render AlertBanner Correctly 1`] = `
<DocumentFragment>
  <div
    class="fade alert alert-success show"
    role="alert"
    style="background-color: red;"
  >
    Hi there
  </div>
</DocumentFragment>
`;
